// Jest Snapshot v1, https://goo.gl/fbAQLP

exports[`ForecastSummary renders correctly 1`] = `
<DocumentFragment>
  <div
    class="forecast-summary"
    data-testid="forecast-summary"
  >
    <div
      class="forecast-summary_date"
    >
      Thu Jan 01 1970
    </div>
    <div
      class="forecast-summary_description"
    >
      Stub description
    </div>
    <div
      class="forecast-summary_icon"
      data-testid="forecast-icon"
    >
      <img />
    </div>
    <div
      class="forecast-summary_temperature"
    >
      22Â°C
    </div>
    <button
      type="button"
    >
      More Details
    </button>
  </div>
</DocumentFragment>
`;
